******************************************************************************
                  TI ARM Linker PC v20.2.7                     
******************************************************************************
>> Linked Thu Oct 31 13:42:00 2024

OUTPUT FILE NAME:   <adc_01.out>
ENTRY POINT SYMBOL: "_c_int00_noargs"  address: 00001a15


MEMORY CONFIGURATION

         name            origin    length      used     unused   attr    fill
----------------------  --------  ---------  --------  --------  ----  --------
  FLASH                 00000000   00040000  00001f2c  0003e0d4  R  X
  SRAM                  20000000   00008000  000004cf  00007b31  RW X


SEGMENT ALLOCATION MAP

run origin  load origin   length   init length attrs members
----------  ----------- ---------- ----------- ----- -------
00000000    00000000    00001f30   00001f30    r-x
  00000000    00000000    0000026c   0000026c    r-- .intvecs
  0000026c    0000026c    00001a2c   00001a2c    r-x .text
  00001c98    00001c98    00000244   00000244    r-- .const
  00001ee0    00001ee0    00000050   00000050    r-- .cinit
20000000    20000000    000004d4   00000000    rw-
  20000000    20000000    0000026c   00000000    rw- .vtable
  20000270    20000270    00000200   00000000    rw- .stack
  20000470    20000470    0000004f   00000000    rw- .bss
  200004c0    200004c0    00000014   00000000    rw- .data


SECTION ALLOCATION MAP

 output                                  attributes/
section   page    origin      length       input sections
--------  ----  ----------  ----------   ----------------
.intvecs   0    00000000    0000026c     
                  00000000    0000026c     tm4c123gh6pm_startup_ccs.obj (.intvecs)

.text      0    0000026c    00001a2c     
                  0000026c    0000057c     main.obj (.text)
                  000007e8    000003c4     rtsv7M4_T_le_v4SPD16_eabi.lib : e_log.c.obj (.text:log)
                  00000bac    000001b6                                   : fd_add_t2.asm.obj (.text)
                  00000d62    00000002     --HOLE-- [fill = 0]
                  00000d64    0000016c     driverlib.lib : gpio.obj (.text:GPIOPadConfigSet)
                  00000ed0    00000136     rtsv7M4_T_le_v4SPD16_eabi.lib : fd_div_t2.asm.obj (.text)
                  00001006    00000002     --HOLE-- [fill = 0]
                  00001008    00000118     driverlib.lib : sysctl.obj (.text:SysCtlClockGet)
                  00001120    000000fc     rtsv7M4_T_le_v4SPD16_eabi.lib : fd_mul_t2.asm.obj (.text)
                  0000121c    000000f4     driverlib.lib : sysctl.obj (.text:SysCtlClockSet)
                  00001310    0000009c     rtsv7M4_T_le_v4SPD16_eabi.lib : memcpy_t2.asm.obj (.text)
                  000013ac    00000086                                   : fd_cmp_t2.asm.obj (.text:__aeabi_cdcmple)
                  00001432    0000007a     driverlib.lib : adc.obj (.text:ADCSequenceStepConfigure)
                  000014ac    0000007a     rtsv7M4_T_le_v4SPD16_eabi.lib : memset_t2.asm.obj (.text)
                  00001526    0000006e                                   : fd_tos_t2.asm.obj (.text)
                  00001594    00000068     driverlib.lib : interrupt.obj (.text:IntDisable)
                  000015fc    00000068                   : interrupt.obj (.text:IntEnable)
                  00001664    00000068     rtsv7M4_T_le_v4SPD16_eabi.lib : copy_decompress_lzss.c.obj (.text:decompress:lzss:__TI_decompress_lzss)
                  000016cc    00000060     driverlib.lib : timer.obj (.text:TimerConfigure)
                  0000172c    00000050                   : adc.obj (.text:_ADCIntNumberGet)
                  0000177c    0000004e                   : adc.obj (.text:ADCSequenceConfigure)
                  000017ca    00000002     --HOLE-- [fill = 0]
                  000017cc    0000004c                   : gpio.obj (.text:GPIOPinConfigure)
                  00001818    0000004c                   : timer.obj (.text:_TimerIntNumberGet)
                  00001864    00000046                   : uart.obj (.text:UARTConfigSetExpClk)
                  000018aa    00000002     --HOLE-- [fill = 0]
                  000018ac    00000044     rtsv7M4_T_le_v4SPD16_eabi.lib : autoinit.c.obj (.text:__TI_auto_init_nobinit_nopinit:__TI_auto_init_nobinit_nopinit)
                  000018f0    00000044                                   : fd_tou_t2.asm.obj (.text)
                  00001934    00000040     driverlib.lib : uart.obj (.text:_UARTIntNumberGet)
                  00001974    00000038     rtsv7M4_T_le_v4SPD16_eabi.lib : fs_tod_t2.asm.obj (.text)
                  000019ac    00000034     driverlib.lib : interrupt.obj (.text:IntRegister)
                  000019e0    00000034                   : sysctl.obj (.text:SysCtlPeripheralEnable)
                  00001a14    00000034     rtsv7M4_T_le_v4SPD16_eabi.lib : boot_cortex_m.c.obj (.text:_c_int00_noargs:_c_int00_noargs)
                  00001a48    0000002e                                   : i_tofd_t2.asm.obj (.text)
                  00001a76    0000002c     driverlib.lib : gpio.obj (.text:GPIODirModeSet)
                  00001aa2    00000002     --HOLE-- [fill = 0]
                  00001aa4    00000020                   : uart.obj (.text:UARTDisable)
                  00001ac4    00000020     rtsv7M4_T_le_v4SPD16_eabi.lib : u_tofd_t2.asm.obj (.text)
                  00001ae4    0000001e     driverlib.lib : adc.obj (.text:ADCSequenceDataGet)
                  00001b02    0000001c     rtsv7M4_T_le_v4SPD16_eabi.lib : copy_zero_init.c.obj (.text:decompress:ZI:__TI_zero_init_nomemset:__TI_zero_init_nomemset)
                  00001b1e    00000018     driverlib.lib : adc.obj (.text:ADCIntRegister)
                  00001b36    00000018                   : adc.obj (.text:ADCProcessorTrigger)
                  00001b4e    00000018                   : timer.obj (.text:TimerIntRegister)
                  00001b66    00000018                   : uart.obj (.text:UARTIntRegister)
                  00001b7e    00000016                   : gpio.obj (.text:GPIOPinTypeADC)
                  00001b94    00000016                   : gpio.obj (.text:GPIOPinTypeUART)
                  00001baa    00000014                   : uart.obj (.text:UARTEnable)
                  00001bbe    00000012                   : timer.obj (.text:TimerLoadSet)
                  00001bd0    00000010                   : adc.obj (.text:ADCIntEnable)
                  00001be0    0000000e                   : adc.obj (.text:ADCSequenceDisable)
                  00001bee    0000000e                   : adc.obj (.text:ADCSequenceEnable)
                  00001bfc    0000000e                   : timer.obj (.text:TimerEnable)
                  00001c0a    0000000e                   : uart.obj (.text:UARTCharGetNonBlocking)
                  00001c18    0000000e                   : uart.obj (.text:UARTCharPutNonBlocking)
                  00001c26    0000000e                   : uart.obj (.text:UARTSpaceAvail)
                  00001c34    0000000e     rtsv7M4_T_le_v4SPD16_eabi.lib : copy_decompress_none.c.obj (.text:decompress:none:__TI_decompress_none)
                  00001c42    0000000c     tm4c123gh6pm_startup_ccs.obj (.text)
                  00001c4e    0000000a     driverlib.lib : adc.obj (.text:ADCIntClear)
                  00001c58    0000000a                   : uart.obj (.text:UARTIntStatus)
                  00001c62    00000008                   : timer.obj (.text:TimerIntEnable)
                  00001c6a    00000008                   : uart.obj (.text:UARTIntEnable)
                  00001c72    00000002     --HOLE-- [fill = 0]
                  00001c74    00000008     rtsv7M4_T_le_v4SPD16_eabi.lib : errno.c.obj (.text:__aeabi_errno_addr)
                  00001c7c    00000006     driverlib.lib : sysctl.obj (.text:SysCtlDelay)
                  00001c82    00000006                   : uart.obj (.text:UARTClockSourceSet)
                  00001c88    00000004                   : timer.obj (.text:TimerIntClear)
                  00001c8c    00000004                   : uart.obj (.text:UARTIntClear)
                  00001c90    00000004     rtsv7M4_T_le_v4SPD16_eabi.lib : pre_init.c.obj (.text:_system_pre_init)
                  00001c94    00000004                                   : exit.c.obj (.text:abort:abort)

.const     0    00001c98    00000244     
                  00001c98    00000090     driverlib.lib : gpio.obj (.const:g_pui32GPIOBaseAddrs)
                  00001d28    0000006c                   : sysctl.obj (.const:g_pui32Xtals)
                  00001d94    00000060                   : timer.obj (.const:g_ppui32TimerIntMap)
                  00001df4    00000040                   : timer.obj (.const:g_ppui32TimerIntMapSnowflake)
                  00001e34    00000040                   : uart.obj (.const:g_ppui32UARTIntMap)
                  00001e74    00000040                   : uart.obj (.const:g_ppui32UARTIntMapSnowflake)
                  00001eb4    00000014                   : interrupt.obj (.const:g_pui32Dii16Regs)
                  00001ec8    00000014                   : interrupt.obj (.const:g_pui32EnRegs)

.cinit     0    00001ee0    00000050     
                  00001ee0    00000019     (.cinit..data.load) [load image, compression = lzss]
                  00001ef9    00000003     --HOLE-- [fill = 0]
                  00001efc    0000000c     (__TI_handler_table)
                  00001f08    00000008     (.cinit..bss.load) [load image, compression = zero_init]
                  00001f10    00000008     (.cinit..vtable.load) [load image, compression = zero_init]
                  00001f18    00000018     (__TI_cinit_table)

.init_array 
*          0    00000000    00000000     UNINITIALIZED

.vtable    0    20000000    0000026c     UNINITIALIZED
                  20000000    0000026c     driverlib.lib : interrupt.obj (.vtable)

.bss       0    20000470    0000004f     UNINITIALIZED
                  20000470    00000034     (.common:uartBuffer)
                  200004a4    00000004     (.common:R2)
                  200004a8    00000004     (.common:Temp_C)
                  200004ac    00000004     (.common:adcvalue)
                  200004b0    00000004     (.common:logR2)
                  200004b4    00000004     (.common:ntcLastValue)
                  200004b8    00000004     (.common:ntc_deger)
                  200004bc    00000001     (.common:ntcCnt)
                  200004bd    00000001     (.common:sendData)
                  200004be    00000001     (.common:uartCnt)

.data      0    200004c0    00000014     UNINITIALIZED
                  200004c0    00000010     main.obj (.data)
                  200004d0    00000004     rtsv7M4_T_le_v4SPD16_eabi.lib : errno.c.obj (.data)

.stack     0    20000270    00000200     UNINITIALIZED
                  20000270    00000004     rtsv7M4_T_le_v4SPD16_eabi.lib : boot_cortex_m.c.obj (.stack)
                  20000274    000001fc     --HOLE--

__llvm_prf_cnts 
*          0    20000000    00000000     UNINITIALIZED

MODULE SUMMARY

       Module                         code   ro data   rw data
       ------                         ----   -------   -------
    .\
       main.obj                       1404   0         95     
       tm4c123gh6pm_startup_ccs.obj   12     620       0      
    +--+------------------------------+------+---------+---------+
       Total:                         1416   620       95     
                                                              
    C:/ti/TivaWare_C_Series-2.2.0.295/driverlib/ccs/Debug/driverlib.lib
       interrupt.obj                  260    40        620    
       sysctl.obj                     582    108       0      
       gpio.obj                       528    144       0      
       adc.obj                        412    0         0      
       uart.obj                       280    128       0      
       timer.obj                      240    160       0      
    +--+------------------------------+------+---------+---------+
       Total:                         2302   580       620    
                                                              
    D:\Code Composer Studio\ccs\tools\compiler\ti-cgt-arm_20.2.7.LTS\lib\rtsv7M4_T_le_v4SPD16_eabi.lib
       e_log.c.obj                    964    0         0      
       fd_add_t2.asm.obj              438    0         0      
       fd_div_t2.asm.obj              310    0         0      
       fd_mul_t2.asm.obj              252    0         0      
       memcpy_t2.asm.obj              156    0         0      
       fd_cmp_t2.asm.obj              134    0         0      
       memset_t2.asm.obj              122    0         0      
       fd_tos_t2.asm.obj              110    0         0      
       copy_decompress_lzss.c.obj     104    0         0      
       autoinit.c.obj                 68     0         0      
       fd_tou_t2.asm.obj              68     0         0      
       fs_tod_t2.asm.obj              56     0         0      
       boot_cortex_m.c.obj            52     0         0      
       i_tofd_t2.asm.obj              46     0         0      
       u_tofd_t2.asm.obj              32     0         0      
       copy_zero_init.c.obj           28     0         0      
       copy_decompress_none.c.obj     14     0         0      
       errno.c.obj                    8      0         4      
       exit.c.obj                     4      0         0      
       pre_init.c.obj                 4      0         0      
    +--+------------------------------+------+---------+---------+
       Total:                         2970   0         4      
                                                              
       Stack:                         0      0         512    
       Linker Generated:              0      77        0      
    +--+------------------------------+------+---------+---------+
       Grand Total:                   6688   1277      1231   


LINKER GENERATED COPY TABLES

__TI_cinit_table @ 00001f18 records: 3, size/record: 8, table size: 24
	.data: load addr=00001ee0, load size=00000019 bytes, run addr=200004c0, run size=00000014 bytes, compression=lzss
	.bss: load addr=00001f08, load size=00000008 bytes, run addr=20000470, run size=0000004f bytes, compression=zero_init
	.vtable: load addr=00001f10, load size=00000008 bytes, run addr=20000000, run size=0000026c bytes, compression=zero_init


LINKER GENERATED HANDLER TABLE

__TI_handler_table @ 00001efc records: 3, size/record: 4, table size: 12
	index: 0, handler: __TI_zero_init
	index: 1, handler: __TI_decompress_lzss
	index: 2, handler: __TI_decompress_none


GLOBAL SYMBOLS: SORTED ALPHABETICALLY BY Name 

address   name                          
-------   ----                          
00001c4f  ADCIntClear                   
00001bd1  ADCIntEnable                  
00001b1f  ADCIntRegister                
00001b37  ADCProcessorTrigger           
0000177d  ADCSequenceConfigure          
00001ae5  ADCSequenceDataGet            
00001be1  ADCSequenceDisable            
00001bef  ADCSequenceEnable             
00001433  ADCSequenceStepConfigure      
00001c95  C$$EXIT                       
00001a77  GPIODirModeSet                
00000d65  GPIOPadConfigSet              
000017cd  GPIOPinConfigure              
00001b7f  GPIOPinTypeADC                
00001b95  GPIOPinTypeUART               
00001595  IntDisable                    
000015fd  IntEnable                     
000019ad  IntRegister                   
200004c0  R1                            
200004a4  R2                            
00001c43  ResetISR                      
00001009  SysCtlClockGet                
0000121d  SysCtlClockSet                
00001c7d  SysCtlDelay                   
000019e1  SysCtlPeripheralEnable        
200004a8  Temp_C                        
000016cd  TimerConfigure                
00001bfd  TimerEnable                   
00001c89  TimerIntClear                 
00001c63  TimerIntEnable                
00001b4f  TimerIntRegister              
00001bbf  TimerLoadSet                  
00001c0b  UARTCharGetNonBlocking        
00001c19  UARTCharPutNonBlocking        
00001c83  UARTClockSourceSet            
00001865  UARTConfigSetExpClk           
00001aa5  UARTDisable                   
00001bab  UARTEnable                    
00001c8d  UARTIntClear                  
00001c6b  UARTIntEnable                 
00001b67  UARTIntRegister               
00001c59  UARTIntStatus                 
00001c27  UARTSpaceAvail                
20000470  __STACK_END                   
00000200  __STACK_SIZE                  
20000470  __STACK_TOP                   
00001f18  __TI_CINIT_Base               
00001f30  __TI_CINIT_Limit              
00001efc  __TI_Handler_Table_Base       
00001f08  __TI_Handler_Table_Limit      
000018ad  __TI_auto_init_nobinit_nopinit
00001665  __TI_decompress_lzss          
00001c35  __TI_decompress_none          
ffffffff  __TI_pprof_out_hndl           
ffffffff  __TI_prof_data_size           
ffffffff  __TI_prof_data_start          
00000000  __TI_static_base__            
00001b03  __TI_zero_init_nomemset       
000013ad  __aeabi_cdcmpeq               
000013ad  __aeabi_cdcmple               
00001527  __aeabi_d2f                   
000018f1  __aeabi_d2uiz                 
00000bb7  __aeabi_dadd                  
00000ed1  __aeabi_ddiv                  
00001121  __aeabi_dmul                  
00000bad  __aeabi_dsub                  
00001c75  __aeabi_errno_addr            
00001975  __aeabi_f2d                   
00001a49  __aeabi_i2d                   
000014ad  __aeabi_memclr                
000014ad  __aeabi_memclr4               
000014ad  __aeabi_memclr8               
00001311  __aeabi_memcpy                
00001311  __aeabi_memcpy4               
00001311  __aeabi_memcpy8               
000014af  __aeabi_memset                
000014af  __aeabi_memset4               
000014af  __aeabi_memset8               
00001ac5  __aeabi_ui2d                  
ffffffff  __binit__                     
ffffffff  __c_args__                    
UNDEFED   __mpu_init                    
20000270  __stack                       
20000000  __start___llvm_prf_cnts       
20000000  __stop___llvm_prf_cnts        
00001a15  _c_int00_noargs               
UNDEFED   _system_post_cinit            
00001c91  _system_pre_init              
00001c95  abort                         
00000281  adcInterrupt                  
200004ac  adcvalue                      
ffffffff  binit                         
200004c4  c1                            
200004c8  c2                            
200004cc  c3                            
000004f9  dwinPageControl               
0000059d  dwinPtext                     
200004d0  errno                         
20000000  g_pfnRAMVectors               
00000000  g_pfnVectors                  
000007e9  log                           
200004b0  logR2                         
000007e9  logl                          
00000669  main                          
00001311  memcpy                        
000014b5  memset                        
200004bc  ntcCnt                        
200004b4  ntcLastValue                  
200004b8  ntc_deger                     
200004bd  sendData                      
0000026d  timerInterrupt                
20000470  uartBuffer                    
200004be  uartCnt                       
00000403  uartinterrupt                 


GLOBAL SYMBOLS: SORTED BY Symbol Address 

address   name                          
-------   ----                          
00000000  __TI_static_base__            
00000000  g_pfnVectors                  
00000200  __STACK_SIZE                  
0000026d  timerInterrupt                
00000281  adcInterrupt                  
00000403  uartinterrupt                 
000004f9  dwinPageControl               
0000059d  dwinPtext                     
00000669  main                          
000007e9  log                           
000007e9  logl                          
00000bad  __aeabi_dsub                  
00000bb7  __aeabi_dadd                  
00000d65  GPIOPadConfigSet              
00000ed1  __aeabi_ddiv                  
00001009  SysCtlClockGet                
00001121  __aeabi_dmul                  
0000121d  SysCtlClockSet                
00001311  __aeabi_memcpy                
00001311  __aeabi_memcpy4               
00001311  __aeabi_memcpy8               
00001311  memcpy                        
000013ad  __aeabi_cdcmpeq               
000013ad  __aeabi_cdcmple               
00001433  ADCSequenceStepConfigure      
000014ad  __aeabi_memclr                
000014ad  __aeabi_memclr4               
000014ad  __aeabi_memclr8               
000014af  __aeabi_memset                
000014af  __aeabi_memset4               
000014af  __aeabi_memset8               
000014b5  memset                        
00001527  __aeabi_d2f                   
00001595  IntDisable                    
000015fd  IntEnable                     
00001665  __TI_decompress_lzss          
000016cd  TimerConfigure                
0000177d  ADCSequenceConfigure          
000017cd  GPIOPinConfigure              
00001865  UARTConfigSetExpClk           
000018ad  __TI_auto_init_nobinit_nopinit
000018f1  __aeabi_d2uiz                 
00001975  __aeabi_f2d                   
000019ad  IntRegister                   
000019e1  SysCtlPeripheralEnable        
00001a15  _c_int00_noargs               
00001a49  __aeabi_i2d                   
00001a77  GPIODirModeSet                
00001aa5  UARTDisable                   
00001ac5  __aeabi_ui2d                  
00001ae5  ADCSequenceDataGet            
00001b03  __TI_zero_init_nomemset       
00001b1f  ADCIntRegister                
00001b37  ADCProcessorTrigger           
00001b4f  TimerIntRegister              
00001b67  UARTIntRegister               
00001b7f  GPIOPinTypeADC                
00001b95  GPIOPinTypeUART               
00001bab  UARTEnable                    
00001bbf  TimerLoadSet                  
00001bd1  ADCIntEnable                  
00001be1  ADCSequenceDisable            
00001bef  ADCSequenceEnable             
00001bfd  TimerEnable                   
00001c0b  UARTCharGetNonBlocking        
00001c19  UARTCharPutNonBlocking        
00001c27  UARTSpaceAvail                
00001c35  __TI_decompress_none          
00001c43  ResetISR                      
00001c4f  ADCIntClear                   
00001c59  UARTIntStatus                 
00001c63  TimerIntEnable                
00001c6b  UARTIntEnable                 
00001c75  __aeabi_errno_addr            
00001c7d  SysCtlDelay                   
00001c83  UARTClockSourceSet            
00001c89  TimerIntClear                 
00001c8d  UARTIntClear                  
00001c91  _system_pre_init              
00001c95  C$$EXIT                       
00001c95  abort                         
00001efc  __TI_Handler_Table_Base       
00001f08  __TI_Handler_Table_Limit      
00001f18  __TI_CINIT_Base               
00001f30  __TI_CINIT_Limit              
20000000  __start___llvm_prf_cnts       
20000000  __stop___llvm_prf_cnts        
20000000  g_pfnRAMVectors               
20000270  __stack                       
20000470  __STACK_END                   
20000470  __STACK_TOP                   
20000470  uartBuffer                    
200004a4  R2                            
200004a8  Temp_C                        
200004ac  adcvalue                      
200004b0  logR2                         
200004b4  ntcLastValue                  
200004b8  ntc_deger                     
200004bc  ntcCnt                        
200004bd  sendData                      
200004be  uartCnt                       
200004c0  R1                            
200004c4  c1                            
200004c8  c2                            
200004cc  c3                            
200004d0  errno                         
ffffffff  __TI_pprof_out_hndl           
ffffffff  __TI_prof_data_size           
ffffffff  __TI_prof_data_start          
ffffffff  __binit__                     
ffffffff  __c_args__                    
ffffffff  binit                         
UNDEFED   __mpu_init                    
UNDEFED   _system_post_cinit            

[114 symbols]
