******************************************************************************
                  TI ARM Linker PC v20.2.7                     
******************************************************************************
>> Linked Fri Oct 25 11:31:14 2024

OUTPUT FILE NAME:   <UART_DWIN.out>
ENTRY POINT SYMBOL: "_c_int00_noargs"  address: 000009dd


MEMORY CONFIGURATION

         name            origin    length      used     unused   attr    fill
----------------------  --------  ---------  --------  --------  ----  --------
  FLASH                 00000000   00040000  00000c62  0003f39e  R  X
  SRAM                  20000000   00008000  000004a2  00007b5e  RW X


SEGMENT ALLOCATION MAP

run origin  load origin   length   init length attrs members
----------  ----------- ---------- ----------- ----- -------
00000000    00000000    00000c64   00000c64    r-x
  00000000    00000000    0000026c   0000026c    r-- .intvecs
  0000026c    0000026c    000008ae   000008ae    r-x .text
  00000b1c    00000b1c    00000124   00000124    r-- .const
  00000c40    00000c40    00000024   00000024    r-- .cinit
20000000    20000000    000004a6   00000000    rw-
  20000000    20000000    0000026c   00000000    rw- .vtable
  20000270    20000270    00000200   00000000    rw- .stack
  20000470    20000470    00000036   00000000    rw- .bss


SECTION ALLOCATION MAP

 output                                  attributes/
section   page    origin      length       input sections
--------  ----  ----------  ----------   ----------------
.intvecs   0    00000000    0000026c     
                  00000000    0000026c     tm4c123gh6pm_startup_ccs.obj (.intvecs)

.text      0    0000026c    000008ae     
                  0000026c    000002ac     main.obj (.text)
                  00000518    0000016c     driverlib.lib : gpio.obj (.text:GPIOPadConfigSet)
                  00000684    000000f4                   : sysctl.obj (.text:SysCtlClockSet)
                  00000778    0000007a     rtsv7M4_T_le_v4SPD16_eabi.lib : memset_t2.asm.obj (.text)
                  000007f2    00000002     --HOLE-- [fill = 0]
                  000007f4    00000068     driverlib.lib : interrupt.obj (.text:IntEnable)
                  0000085c    0000004c                   : gpio.obj (.text:GPIOPinConfigure)
                  000008a8    00000046                   : uart.obj (.text:UARTConfigSetExpClk)
                  000008ee    00000002     --HOLE-- [fill = 0]
                  000008f0    00000044     rtsv7M4_T_le_v4SPD16_eabi.lib : autoinit.c.obj (.text:__TI_auto_init_nobinit_nopinit:__TI_auto_init_nobinit_nopinit)
                  00000934    00000040     driverlib.lib : uart.obj (.text:_UARTIntNumberGet)
                  00000974    00000034                   : interrupt.obj (.text:IntRegister)
                  000009a8    00000034                   : sysctl.obj (.text:SysCtlPeripheralEnable)
                  000009dc    00000034     rtsv7M4_T_le_v4SPD16_eabi.lib : boot_cortex_m.c.obj (.text:_c_int00_noargs:_c_int00_noargs)
                  00000a10    0000002c     driverlib.lib : gpio.obj (.text:GPIODirModeSet)
                  00000a3c    00000020                   : uart.obj (.text:UARTDisable)
                  00000a5c    0000001c     rtsv7M4_T_le_v4SPD16_eabi.lib : copy_zero_init.c.obj (.text:decompress:ZI:__TI_zero_init_nomemset:__TI_zero_init_nomemset)
                  00000a78    00000018     driverlib.lib : uart.obj (.text:UARTIntRegister)
                  00000a90    00000016                   : gpio.obj (.text:GPIOPinTypeUART)
                  00000aa6    00000014                   : uart.obj (.text:UARTEnable)
                  00000aba    0000000e                   : uart.obj (.text:UARTCharGetNonBlocking)
                  00000ac8    0000000e                   : uart.obj (.text:UARTCharPutNonBlocking)
                  00000ad6    0000000e                   : uart.obj (.text:UARTSpaceAvail)
                  00000ae4    0000000c     tm4c123gh6pm_startup_ccs.obj (.text)
                  00000af0    0000000a     driverlib.lib : uart.obj (.text:UARTIntStatus)
                  00000afa    00000008                   : uart.obj (.text:UARTIntEnable)
                  00000b02    00000006                   : sysctl.obj (.text:SysCtlDelay)
                  00000b08    00000006                   : uart.obj (.text:UARTClockSourceSet)
                  00000b0e    00000004                   : uart.obj (.text:UARTIntClear)
                  00000b12    00000004     rtsv7M4_T_le_v4SPD16_eabi.lib : pre_init.c.obj (.text:_system_pre_init)
                  00000b16    00000004                                   : exit.c.obj (.text:abort:abort)

.const     0    00000b1c    00000124     
                  00000b1c    00000090     driverlib.lib : gpio.obj (.const:g_pui32GPIOBaseAddrs)
                  00000bac    00000040                   : uart.obj (.const:g_ppui32UARTIntMap)
                  00000bec    00000040                   : uart.obj (.const:g_ppui32UARTIntMapSnowflake)
                  00000c2c    00000014                   : interrupt.obj (.const:g_pui32EnRegs)

.cinit     0    00000c40    00000024     
                  00000c40    00000008     (.cinit..bss.load) [load image, compression = zero_init]
                  00000c48    00000008     (.cinit..vtable.load) [load image, compression = zero_init]
                  00000c50    00000004     (__TI_handler_table)
                  00000c54    00000010     (__TI_cinit_table)

.init_array 
*          0    00000000    00000000     UNINITIALIZED

.vtable    0    20000000    0000026c     UNINITIALIZED
                  20000000    0000026c     driverlib.lib : interrupt.obj (.vtable)

.bss       0    20000470    00000036     UNINITIALIZED
                  20000470    00000034     (.common:uartBuffer)
                  200004a4    00000001     (.common:sendData)
                  200004a5    00000001     (.common:uartCnt)

.stack     0    20000270    00000200     UNINITIALIZED
                  20000270    00000004     rtsv7M4_T_le_v4SPD16_eabi.lib : boot_cortex_m.c.obj (.stack)
                  20000274    000001fc     --HOLE--

__llvm_prf_cnts 
*          0    20000000    00000000     UNINITIALIZED

MODULE SUMMARY

       Module                         code   ro data   rw data
       ------                         ----   -------   -------
    .\
       main.obj                       684    0         54     
       tm4c123gh6pm_startup_ccs.obj   12     620       0      
    +--+------------------------------+------+---------+---------+
       Total:                         696    620       54     
                                                              
    C:/ti/TivaWare_C_Series-2.2.0.295/driverlib/ccs/Debug/driverlib.lib
       interrupt.obj                  156    20        620    
       gpio.obj                       506    144       0      
       uart.obj                       280    128       0      
       sysctl.obj                     302    0         0      
    +--+------------------------------+------+---------+---------+
       Total:                         1244   292       620    
                                                              
    D:\Code Composer Studio\ccs\tools\compiler\ti-cgt-arm_20.2.7.LTS\lib\rtsv7M4_T_le_v4SPD16_eabi.lib
       memset_t2.asm.obj              122    0         0      
       autoinit.c.obj                 68     0         0      
       boot_cortex_m.c.obj            52     0         0      
       copy_zero_init.c.obj           28     0         0      
       exit.c.obj                     4      0         0      
       pre_init.c.obj                 4      0         0      
    +--+------------------------------+------+---------+---------+
       Total:                         278    0         0      
                                                              
       Stack:                         0      0         512    
       Linker Generated:              0      36        0      
    +--+------------------------------+------+---------+---------+
       Grand Total:                   2218   948       1186   


LINKER GENERATED COPY TABLES

__TI_cinit_table @ 00000c54 records: 2, size/record: 8, table size: 16
	.bss: load addr=00000c40, load size=00000008 bytes, run addr=20000470, run size=00000036 bytes, compression=zero_init
	.vtable: load addr=00000c48, load size=00000008 bytes, run addr=20000000, run size=0000026c bytes, compression=zero_init


LINKER GENERATED HANDLER TABLE

__TI_handler_table @ 00000c50 records: 1, size/record: 4, table size: 4
	index: 0, handler: __TI_zero_init


GLOBAL SYMBOLS: SORTED ALPHABETICALLY BY Name 

address   name                          
-------   ----                          
00000b17  C$$EXIT                       
00000a11  GPIODirModeSet                
00000519  GPIOPadConfigSet              
0000085d  GPIOPinConfigure              
00000a91  GPIOPinTypeUART               
000007f5  IntEnable                     
00000975  IntRegister                   
00000ae5  ResetISR                      
00000685  SysCtlClockSet                
00000b03  SysCtlDelay                   
000009a9  SysCtlPeripheralEnable        
00000abb  UARTCharGetNonBlocking        
00000ac9  UARTCharPutNonBlocking        
00000b09  UARTClockSourceSet            
000008a9  UARTConfigSetExpClk           
00000a3d  UARTDisable                   
00000aa7  UARTEnable                    
00000b0f  UARTIntClear                  
00000afb  UARTIntEnable                 
00000a79  UARTIntRegister               
00000af1  UARTIntStatus                 
00000ad7  UARTSpaceAvail                
20000470  __STACK_END                   
00000200  __STACK_SIZE                  
20000470  __STACK_TOP                   
00000c54  __TI_CINIT_Base               
00000c64  __TI_CINIT_Limit              
00000c50  __TI_Handler_Table_Base       
00000c54  __TI_Handler_Table_Limit      
000008f1  __TI_auto_init_nobinit_nopinit
ffffffff  __TI_pprof_out_hndl           
ffffffff  __TI_prof_data_size           
ffffffff  __TI_prof_data_start          
00000000  __TI_static_base__            
00000a5d  __TI_zero_init_nomemset       
00000779  __aeabi_memclr                
00000779  __aeabi_memclr4               
00000779  __aeabi_memclr8               
0000077b  __aeabi_memset                
0000077b  __aeabi_memset4               
0000077b  __aeabi_memset8               
ffffffff  __binit__                     
ffffffff  __c_args__                    
UNDEFED   __mpu_init                    
20000270  __stack                       
20000000  __start___llvm_prf_cnts       
20000000  __stop___llvm_prf_cnts        
000009dd  _c_int00_noargs               
UNDEFED   _system_post_cinit            
00000b13  _system_pre_init              
00000b17  abort                         
ffffffff  binit                         
00000351  dwinPageControl               
000003cb  dwinPtext                     
20000000  g_pfnRAMVectors               
00000000  g_pfnVectors                  
0000045f  main                          
00000781  memset                        
200004a4  sendData                      
20000470  uartBuffer                    
200004a5  uartCnt                       
0000026d  uartinterrupt                 


GLOBAL SYMBOLS: SORTED BY Symbol Address 

address   name                          
-------   ----                          
00000000  __TI_static_base__            
00000000  g_pfnVectors                  
00000200  __STACK_SIZE                  
0000026d  uartinterrupt                 
00000351  dwinPageControl               
000003cb  dwinPtext                     
0000045f  main                          
00000519  GPIOPadConfigSet              
00000685  SysCtlClockSet                
00000779  __aeabi_memclr                
00000779  __aeabi_memclr4               
00000779  __aeabi_memclr8               
0000077b  __aeabi_memset                
0000077b  __aeabi_memset4               
0000077b  __aeabi_memset8               
00000781  memset                        
000007f5  IntEnable                     
0000085d  GPIOPinConfigure              
000008a9  UARTConfigSetExpClk           
000008f1  __TI_auto_init_nobinit_nopinit
00000975  IntRegister                   
000009a9  SysCtlPeripheralEnable        
000009dd  _c_int00_noargs               
00000a11  GPIODirModeSet                
00000a3d  UARTDisable                   
00000a5d  __TI_zero_init_nomemset       
00000a79  UARTIntRegister               
00000a91  GPIOPinTypeUART               
00000aa7  UARTEnable                    
00000abb  UARTCharGetNonBlocking        
00000ac9  UARTCharPutNonBlocking        
00000ad7  UARTSpaceAvail                
00000ae5  ResetISR                      
00000af1  UARTIntStatus                 
00000afb  UARTIntEnable                 
00000b03  SysCtlDelay                   
00000b09  UARTClockSourceSet            
00000b0f  UARTIntClear                  
00000b13  _system_pre_init              
00000b17  C$$EXIT                       
00000b17  abort                         
00000c50  __TI_Handler_Table_Base       
00000c54  __TI_CINIT_Base               
00000c54  __TI_Handler_Table_Limit      
00000c64  __TI_CINIT_Limit              
20000000  __start___llvm_prf_cnts       
20000000  __stop___llvm_prf_cnts        
20000000  g_pfnRAMVectors               
20000270  __stack                       
20000470  __STACK_END                   
20000470  __STACK_TOP                   
20000470  uartBuffer                    
200004a4  sendData                      
200004a5  uartCnt                       
ffffffff  __TI_pprof_out_hndl           
ffffffff  __TI_prof_data_size           
ffffffff  __TI_prof_data_start          
ffffffff  __binit__                     
ffffffff  __c_args__                    
ffffffff  binit                         
UNDEFED   __mpu_init                    
UNDEFED   _system_post_cinit            

[62 symbols]
